[A1] Crawl inventory: https://thongtaccongquangninh.com
[A1] URL publish audit: 87
  [1/87] https://thongtaccongquangninh.com/ ... OK schema=Place,Organization,WebSite,ImageObject,WebPage,Article,LocalBusiness,HomeAndConstructionBusiness,BreadcrumbList,FAQPage,VideoObject metaLen=157
  [2/87] https://thongtaccongquangninh.com/bang-gia-hut-be-phot-quang-ninh/ ... OK schema=LocalBusiness,HomeAndConstructionBusiness,Place,Organization,WebSite,ImageObject,BreadcrumbList,WebPage,BlogPosting,Service,FAQPage metaLen=151
  [3/87] https://thongtaccongquangninh.com/bang-gia/ ... OK schema=LocalBusiness,HomeAndConstructionBusiness,Place,Organization,WebSite,ImageObject,BreadcrumbList,WebPage,Article,OfferCatalog,FAQPage metaLen=153
  [4/87] https://thongtaccongquangninh.com/blog/ ... OK schema=LocalBusiness,HomeAndConstructionBusiness,Place,Organization,WebSite,ImageObject,BreadcrumbList,WebPage,Article,FAQPage metaLen=150
  [5/87] https://thongtaccongquangninh.com/bon-cau-rut-cham-nguyen-nhan/ ... OK schema=LocalBusiness,HomeAndConstructionBusiness,Place,Organization,WebSite,ImageObject,BreadcrumbList,WebPage,Person,BlogPosting,FAQPage metaLen=151
  [6/87] https://thongtaccongquangninh.com/cach-xu-ly-cong-thoat-nuoc-tac/ ... OK schema=LocalBusiness,HomeAndConstructionBusiness,Place,Organization,WebSite,ImageObject,BreadcrumbList,WebPage,BlogPosting,FAQPage metaLen=154
  [7/87] https://thongtaccongquangninh.com/cam-nang-thong-tac-cong-tai-ha-long/ ... OK schema=LocalBusiness,HomeAndConstructionBusiness,Place,Organization,WebSite,ImageObject,BreadcrumbList,WebPage,Person,BlogPosting,FAQPage,Service metaLen=154
  [8/87] https://thongtaccongquangninh.com/cau-hoi-thuong-gap-thong-tac-cong/ ... HTTP 502
  [9/87] https://thongtaccongquangninh.com/chi-phi-hut-be-phot-quang-ninh/ ... OK schema=LocalBusiness,HomeAndConstructionBusiness,Place,Organization,WebSite,ImageObject,BreadcrumbList,WebPage,Person,Article,FAQPage,BlogPosting,Service metaLen=153
  [10/87] https://thongtaccongquangninh.com/chinh-sach-bao-hanh/ ... OK schema=LocalBusiness,HomeAndConstructionBusiness,Place,Organization,WebSite,ImageObject,BreadcrumbList,WebPage,Article,FAQPage metaLen=152
  [11/87] https://thongtaccongquangninh.com/chinh-sach-bao-mat/ ... OK schema=LocalBusiness,HomeAndConstructionBusiness,Place,Organization,WebSite,ImageObject,BreadcrumbList,WebPage,Article,FAQPage metaLen=150
  [12/87] https://thongtaccongquangninh.com/chu-ky-hut-be-phot/ ... OK schema=LocalBusiness,HomeAndConstructionBusiness,Place,Organization,WebSite,ImageObject,BreadcrumbList,WebPage,Person,BlogPosting,FAQPage,Service metaLen=150
  [13/87] https://thongtaccongquangninh.com/dau-hieu-be-phot-bi-day/ ... OK schema=LocalBusiness,HomeAndConstructionBusiness,Place,Organization,WebSite,ImageObject,BreadcrumbList,WebPage,Person,BlogPosting,FAQPage metaLen=155
  [14/87] https://thongtaccongquangninh.com/dau-hieu-be-phot-can-hut/ ... OK schema=LocalBusiness,HomeAndConstructionBusiness,Place,Organization,WebSite,ImageObject,BreadcrumbList,WebPage,BlogPosting,FAQPage metaLen=155
  [15/87] https://thongtaccongquangninh.com/dieu-khoan-dich-vu/ ... OK schema=LocalBusiness,HomeAndConstructionBusiness,Place,Organization,WebSite,ImageObject,BreadcrumbList,WebPage,Person,Article metaLen=158
  [16/87] https://thongtaccongquangninh.com/gia-hut-be-phot-quang-ninh/ ... OK schema=LocalBusiness,HomeAndConstructionBusiness,Place,Organization,WebSite,ImageObject,BreadcrumbList,WebPage,Person,BlogPosting,FAQPage,Service metaLen=152
  [17/87] https://thongtaccongquangninh.com/gia-thong-tac-bon-cau-quang-ninh/ ... OK schema=LocalBusiness,HomeAndConstructionBusiness,Place,Organization,WebSite,ImageObject,BreadcrumbList,WebPage,Person,BlogPosting,FAQPage,Service metaLen=152
  [18/87] https://thongtaccongquangninh.com/gia-thong-tac-cong-quang-ninh/ ... OK schema=LocalBusiness,HomeAndConstructionBusiness,Place,Organization,WebSite,ImageObject,BreadcrumbList,WebPage,Person,BlogPosting,FAQPage,Service metaLen=151
  [19/87] https://thongtaccongquangninh.com/gioi-thieu/ ... OK schema=LocalBusiness,HomeAndConstructionBusiness,Place,Organization,WebSite,ImageObject,BreadcrumbList,WebPage,Article metaLen=167
  [20/87] https://thongtaccongquangninh.com/he-thong-lien-ket-doi-tac/ ... OK schema=LocalBusiness,HomeAndConstructionBusiness,Place,Organization,WebSite,ImageObject,BreadcrumbList,WebPage,Person,Article,FAQPage metaLen=150
  [21/87] https://thongtaccongquangninh.com/hoa-chat-tu-thong-cong/ ... OK schema=LocalBusiness,HomeAndConstructionBusiness,Place,Organization,WebSite,ImageObject,BreadcrumbList,WebPage,Person,BlogPosting,FAQPage metaLen=158
  [22/87] https://thongtaccongquangninh.com/hut-be-phot-24-7-quang-ninh/ ... OK schema=LocalBusiness,HomeAndConstructionBusiness,Place,Organization,WebSite,ImageObject,BreadcrumbList,WebPage,Person,BlogPosting,FAQPage,Service metaLen=157
  [23/87] https://thongtaccongquangninh.com/hut-be-phot-ba-che/ ... OK schema=LocalBusiness,HomeAndConstructionBusiness,Place,Organization,WebSite,ImageObject,BreadcrumbList,WebPage,Person,BlogPosting,FAQPage,Service metaLen=157
  [24/87] https://thongtaccongquangninh.com/hut-be-phot-bai-chay/ ... OK schema=LocalBusiness,HomeAndConstructionBusiness,Place,Organization,WebSite,ImageObject,BreadcrumbList,WebPage,Article,FAQPage,Service metaLen=158
  [25/87] https://thongtaccongquangninh.com/hut-be-phot-binh-lieu/ ... OK schema=LocalBusiness,HomeAndConstructionBusiness,Place,Organization,WebSite,ImageObject,BreadcrumbList,WebPage,Person,BlogPosting,FAQPage,Service metaLen=158
  [26/87] https://thongtaccongquangninh.com/hut-be-phot-cam-pha/ ... OK schema=LocalBusiness,HomeAndConstructionBusiness,Place,Organization,WebSite,ImageObject,BreadcrumbList,WebPage,Article,Service,FAQPage metaLen=158
  [27/87] https://thongtaccongquangninh.com/hut-be-phot-co-to/ ... OK schema=LocalBusiness,HomeAndConstructionBusiness,Place,Organization,WebSite,ImageObject,BreadcrumbList,WebPage,Person,BlogPosting,FAQPage,Service metaLen=158
  [28/87] https://thongtaccongquangninh.com/hut-be-phot-cong-ty-quang-ninh/ ... OK schema=LocalBusiness,HomeAndConstructionBusiness,Place,Organization,WebSite,ImageObject,BreadcrumbList,WebPage,Person,BlogPosting,Service,FAQPage metaLen=156
  [29/87] https://thongtaccongquangninh.com/hut-be-phot-dam-ha/ ... OK schema=LocalBusiness,HomeAndConstructionBusiness,Place,Organization,WebSite,ImageObject,BreadcrumbList,WebPage,Person,BlogPosting,FAQPage,Service metaLen=158
  [30/87] https://thongtaccongquangninh.com/hut-be-phot-dong-trieu/ ... OK schema=LocalBusiness,HomeAndConstructionBusiness,Place,Organization,WebSite,ImageObject,BreadcrumbList,WebPage,Person,Article,FAQPage,Service metaLen=157
  [31/87] https://thongtaccongquangninh.com/hut-be-phot-ha-long/ ... OK schema=LocalBusiness,HomeAndConstructionBusiness,Place,Organization,WebSite,ImageObject,BreadcrumbList,WebPage,Article,Service,FAQPage metaLen=152
  [32/87] https://thongtaccongquangninh.com/hut-be-phot-hai-ha/ ... OK schema=LocalBusiness,HomeAndConstructionBusiness,Place,Organization,WebSite,ImageObject,BreadcrumbList,WebPage,Person,BlogPosting,FAQPage,Service metaLen=157
  [33/87] https://thongtaccongquangninh.com/hut-be-phot-khach-san-quang-ninh/ ... OK schema=LocalBusiness,HomeAndConstructionBusiness,Place,Organization,WebSite,ImageObject,BreadcrumbList,WebPage,Person,BlogPosting,FAQPage,Service metaLen=159
  [34/87] https://thongtaccongquangninh.com/hut-be-phot-khan-cap-quang-ninh/ ... OK schema=LocalBusiness,HomeAndConstructionBusiness,Place,Organization,WebSite,ImageObject,BreadcrumbList,WebPage,Person,BlogPosting,FAQPage,Service metaLen=160
  [35/87] https://thongtaccongquangninh.com/hut-be-phot-khu-cong-nghiep-quang-ninh/ ... OK schema=LocalBusiness,HomeAndConstructionBusiness,Place,Organization,WebSite,ImageObject,BreadcrumbList,WebPage,Person,BlogPosting,FAQPage,Service metaLen=151
  [36/87] https://thongtaccongquangninh.com/hut-be-phot-khu-nha-tro-quang-ninh/ ... OK schema=LocalBusiness,HomeAndConstructionBusiness,Place,Organization,WebSite,ImageObject,BreadcrumbList,WebPage,Person,BlogPosting,FAQPage,Service metaLen=154
  [37/87] https://thongtaccongquangninh.com/hut-be-phot-mong-cai/ ... OK schema=LocalBusiness,HomeAndConstructionBusiness,Place,Organization,WebSite,ImageObject,BreadcrumbList,WebPage,Person,Article,FAQPage,Service metaLen=155
  [38/87] https://thongtaccongquangninh.com/hut-be-phot-nha-hang-quang-ninh/ ... OK schema=LocalBusiness,HomeAndConstructionBusiness,Place,Organization,WebSite,ImageObject,BreadcrumbList,WebPage,Person,BlogPosting,FAQPage,Service metaLen=157
  [39/87] https://thongtaccongquangninh.com/hut-be-phot-quang-ninh/ ... OK schema=LocalBusiness,HomeAndConstructionBusiness,Place,Organization,WebSite,ImageObject,BreadcrumbList,WebPage,Article,Service,VideoObject,FAQPage,HowTo metaLen=151
  [40/87] https://thongtaccongquangninh.com/hut-be-phot-quang-yen/ ... OK schema=LocalBusiness,HomeAndConstructionBusiness,Place,Organization,WebSite,ImageObject,BreadcrumbList,WebPage,Person,Article,Service,FAQPage metaLen=158
  [41/87] https://thongtaccongquangninh.com/hut-be-phot-tien-yen/ ... OK schema=LocalBusiness,HomeAndConstructionBusiness,Place,Organization,WebSite,ImageObject,BreadcrumbList,WebPage,Person,BlogPosting,FAQPage,Service metaLen=157
  [42/87] https://thongtaccongquangninh.com/hut-be-phot-uong-bi/ ... OK schema=LocalBusiness,HomeAndConstructionBusiness,Place,Organization,WebSite,ImageObject,BreadcrumbList,WebPage,Article,Service,FAQPage metaLen=158
  [43/87] https://thongtaccongquangninh.com/hut-be-phot-van-don/ ... OK schema=LocalBusiness,HomeAndConstructionBusiness,Place,Organization,WebSite,ImageObject,BreadcrumbList,WebPage,Person,Article,Service,FAQPage metaLen=152
  [44/87] https://thongtaccongquangninh.com/hut-ham-cau-quang-ninh/ ... OK schema=LocalBusiness,HomeAndConstructionBusiness,Place,Organization,WebSite,ImageObject,BreadcrumbList,WebPage,Person,BlogPosting,Service,FAQPage metaLen=158
  [45/87] https://thongtaccongquangninh.com/lien-he/ ... OK schema=LocalBusiness,HomeAndConstructionBusiness,Place,Organization,WebSite,ImageObject,BreadcrumbList,WebPage,Article,ContactPage,FAQPage metaLen=153
  [46/87] https://thongtaccongquangninh.com/mui-hoi-cong-nguyen-nhan-xu-ly/ ... OK schema=LocalBusiness,HomeAndConstructionBusiness,Place,Organization,WebSite,ImageObject,BreadcrumbList,WebPage,Person,BlogPosting,FAQPage metaLen=152
  [47/87] https://thongtaccongquangninh.com/nao-vet-ho-ga-quang-ninh/ ... OK schema=LocalBusiness,HomeAndConstructionBusiness,Place,Organization,WebSite,ImageObject,BreadcrumbList,WebPage,Article,FAQPage,Service,HowTo metaLen=153
  [48/87] https://thongtaccongquangninh.com/nao-vet-ho-ga/ ... OK schema=LocalBusiness,HomeAndConstructionBusiness,Place,Organization,WebSite,ImageObject,BreadcrumbList,WebPage,Person,BlogPosting,Service,FAQPage metaLen=156
  [49/87] https://thongtaccongquangninh.com/nguyen-nhan-cong-tac-thuong-xuyen-ha-long/ ... OK schema=LocalBusiness,HomeAndConstructionBusiness,Place,Organization,WebSite,ImageObject,BreadcrumbList,WebPage,Person,Article,FAQPage,Service metaLen=154
  [50/87] https://thongtaccongquangninh.com/nguyen-song-hao/ ... OK schema=LocalBusiness,HomeAndConstructionBusiness,Place,Organization,WebSite,ImageObject,BreadcrumbList,WebPage,Person,Article,FAQPage metaLen=154
  [51/87] https://thongtaccongquangninh.com/thong-tac-bon-cau-ban-dem-quang-ninh/ ... OK schema=LocalBusiness,HomeAndConstructionBusiness,Place,Organization,WebSite,ImageObject,BreadcrumbList,WebPage,Person,BlogPosting,FAQPage,Service metaLen=151
  [52/87] https://thongtaccongquangninh.com/thong-tac-bon-cau-bi-tac/ ... OK schema=LocalBusiness,HomeAndConstructionBusiness,Place,Organization,WebSite,ImageObject,BreadcrumbList,WebPage,Person,BlogPosting,FAQPage,Service metaLen=157
  [53/87] https://thongtaccongquangninh.com/thong-tac-bon-cau-cam-pha/ ... OK schema=LocalBusiness,HomeAndConstructionBusiness,Place,Organization,WebSite,ImageObject,BreadcrumbList,WebPage,Article,Service,FAQPage metaLen=150
  [54/87] https://thongtaccongquangninh.com/thong-tac-bon-cau-dong-trieu/ ... OK schema=LocalBusiness,HomeAndConstructionBusiness,Place,Organization,WebSite,ImageObject,BreadcrumbList,WebPage,Person,Article,Service,FAQPage metaLen=159
  [55/87] https://thongtaccongquangninh.com/thong-tac-bon-cau-ha-long/ ... OK schema=LocalBusiness,HomeAndConstructionBusiness,Place,Organization,WebSite,ImageObject,BreadcrumbList,WebPage,Person,Article,Service,FAQPage metaLen=158
  [56/87] https://thongtaccongquangninh.com/thong-tac-bon-cau-khach-san-quang-ninh/ ... OK schema=LocalBusiness,HomeAndConstructionBusiness,Place,Organization,WebSite,ImageObject,BreadcrumbList,WebPage,Person,BlogPosting,FAQPage,Service metaLen=159
  [57/87] https://thongtaccongquangninh.com/thong-tac-bon-cau-khan-cap-quang-ninh/ ... OK schema=LocalBusiness,HomeAndConstructionBusiness,Place,Organization,WebSite,ImageObject,BreadcrumbList,WebPage,Person,BlogPosting,FAQPage,Service metaLen=157
  [58/87] https://thongtaccongquangninh.com/thong-tac-bon-cau-khong-duc-pha-quang-ninh/ ... OK schema=LocalBusiness,HomeAndConstructionBusiness,Place,Organization,WebSite,ImageObject,BreadcrumbList,WebPage,Person,BlogPosting,FAQPage,Service metaLen=157
  [59/87] https://thongtaccongquangninh.com/thong-tac-bon-cau-mong-cai/ ... OK schema=LocalBusiness,HomeAndConstructionBusiness,Place,Organization,WebSite,ImageObject,BreadcrumbList,WebPage,Person,Article,Service,FAQPage metaLen=154
  [60/87] https://thongtaccongquangninh.com/thong-tac-bon-cau-nha-dan-quang-ninh/ ... OK schema=LocalBusiness,HomeAndConstructionBusiness,Place,Organization,WebSite,ImageObject,BreadcrumbList,WebPage,Person,BlogPosting,FAQPage,Service metaLen=160
  [61/87] https://thongtaccongquangninh.com/thong-tac-bon-cau-nha-hang-quang-ninh/ ... OK schema=LocalBusiness,HomeAndConstructionBusiness,Place,Organization,WebSite,ImageObject,BreadcrumbList,WebPage,Person,BlogPosting,FAQPage,Service metaLen=152
  [62/87] https://thongtaccongquangninh.com/thong-tac-bon-cau-quang-ninh/ ... OK schema=LocalBusiness,HomeAndConstructionBusiness,Place,Organization,WebSite,ImageObject,BreadcrumbList,WebPage,Article,Service,FAQPage metaLen=157
  [63/87] https://thongtaccongquangninh.com/thong-tac-bon-cau-quang-yen/ ... OK schema=LocalBusiness,HomeAndConstructionBusiness,Place,Organization,WebSite,ImageObject,BreadcrumbList,WebPage,Person,Article,Service,FAQPage metaLen=160
  [64/87] https://thongtaccongquangninh.com/thong-tac-bon-cau-uong-bi/ ... OK schema=LocalBusiness,HomeAndConstructionBusiness,Place,Organization,WebSite,ImageObject,BreadcrumbList,WebPage,Person,Article,Service,FAQPage metaLen=155
  [65/87] https://thongtaccongquangninh.com/thong-tac-bon-cau-van-don/ ... OK schema=LocalBusiness,HomeAndConstructionBusiness,Place,Organization,WebSite,ImageObject,BreadcrumbList,WebPage,Person,Article,Service,FAQPage metaLen=153
  [66/87] https://thongtaccongquangninh.com/thong-tac-chau-rua-quang-ninh/ ... OK schema=LocalBusiness,HomeAndConstructionBusiness,Place,Organization,WebSite,ImageObject,BreadcrumbList,WebPage,Article,FAQPage,Service metaLen=157
  [67/87] https://thongtaccongquangninh.com/thong-tac-cong-24-7-quang-ninh/ ... OK schema=LocalBusiness,HomeAndConstructionBusiness,Place,Organization,WebSite,ImageObject,BreadcrumbList,WebPage,Person,BlogPosting,FAQPage,Service metaLen=152
  [68/87] https://thongtaccongquangninh.com/thong-tac-cong-bai-chay/ ... OK schema=LocalBusiness,HomeAndConstructionBusiness,Place,Organization,WebSite,ImageObject,BreadcrumbList,WebPage,Person,BlogPosting,FAQPage,Service metaLen=150
  [69/87] https://thongtaccongquangninh.com/thong-tac-cong-cam-pha/ ... OK schema=LocalBusiness,HomeAndConstructionBusiness,Place,Organization,WebSite,ImageObject,BreadcrumbList,WebPage,Person,Article,FAQPage,Service metaLen=150
  [70/87] https://thongtaccongquangninh.com/thong-tac-cong-cao-xanh/ ... OK schema=LocalBusiness,HomeAndConstructionBusiness,Place,Organization,WebSite,ImageObject,BreadcrumbList,WebPage,Person,BlogPosting,FAQPage,Service metaLen=156
  [71/87] https://thongtaccongquangninh.com/thong-tac-cong-chung-cu-ha-long/ ... OK schema=LocalBusiness,HomeAndConstructionBusiness,Place,Organization,WebSite,ImageObject,BreadcrumbList,WebPage,Article,FAQPage,Service metaLen=158
  [72/87] https://thongtaccongquangninh.com/thong-tac-cong-dong-trieu/ ... OK schema=LocalBusiness,HomeAndConstructionBusiness,Place,Organization,WebSite,ImageObject,BreadcrumbList,WebPage,Person,Article,Service,FAQPage metaLen=158
  [73/87] https://thongtaccongquangninh.com/thong-tac-cong-gieng-day/ ... OK schema=LocalBusiness,HomeAndConstructionBusiness,Place,Organization,WebSite,ImageObject,BreadcrumbList,WebPage,Person,Article,FAQPage,HowTo,Service metaLen=155
  [74/87] https://thongtaccongquangninh.com/thong-tac-cong-ha-long/ ... OK schema=LocalBusiness,HomeAndConstructionBusiness,Place,Organization,WebSite,ImageObject,BreadcrumbList,WebPage,Article,FAQPage,Service metaLen=156
  [75/87] https://thongtaccongquangninh.com/thong-tac-cong-hong-gai/ ... OK schema=LocalBusiness,HomeAndConstructionBusiness,Place,Organization,WebSite,ImageObject,BreadcrumbList,WebPage,Person,BlogPosting,FAQPage,Service metaLen=151
  [76/87] https://thongtaccongquangninh.com/thong-tac-cong-khan-cap-quang-ninh/ ... OK schema=LocalBusiness,HomeAndConstructionBusiness,Place,Organization,WebSite,ImageObject,BreadcrumbList,WebPage,Person,BlogPosting,FAQPage,Service metaLen=154
  [77/87] https://thongtaccongquangninh.com/thong-tac-cong-mong-cai/ ... OK schema=LocalBusiness,HomeAndConstructionBusiness,Place,Organization,WebSite,ImageObject,BreadcrumbList,WebPage,Person,Article,Service,FAQPage metaLen=153
  [78/87] https://thongtaccongquangninh.com/thong-tac-cong-ngo-nho-ha-long/ ... OK schema=LocalBusiness,HomeAndConstructionBusiness,Place,Organization,WebSite,ImageObject,BreadcrumbList,WebPage,Person,Article,FAQPage,Service metaLen=151
  [79/87] https://thongtaccongquangninh.com/thong-tac-cong-nha-hang-ha-long/ ... OK schema=LocalBusiness,HomeAndConstructionBusiness,Place,Organization,WebSite,ImageObject,BreadcrumbList,WebPage,Article,FAQPage,Service metaLen=150
  [80/87] https://thongtaccongquangninh.com/thong-tac-cong-quang-ninh/ ... OK schema=LocalBusiness,HomeAndConstructionBusiness,Place,Organization,WebSite,ImageObject,BreadcrumbList,WebPage,Article,FAQPage,Service,VideoObject,HowTo metaLen=156
  [81/87] https://thongtaccongquangninh.com/thong-tac-cong-quang-yen/ ... OK schema=LocalBusiness,HomeAndConstructionBusiness,Place,Organization,WebSite,ImageObject,BreadcrumbList,WebPage,Person,Article,FAQPage,Service metaLen=158
  [82/87] https://thongtaccongquangninh.com/thong-tac-cong-tuan-chau/ ... OK schema=LocalBusiness,HomeAndConstructionBusiness,Place,Organization,WebSite,ImageObject,BreadcrumbList,WebPage,Person,BlogPosting,FAQPage,Service metaLen=154
  [83/87] https://thongtaccongquangninh.com/thong-tac-cong-uong-bi/ ... OK schema=LocalBusiness,HomeAndConstructionBusiness,Place,Organization,WebSite,ImageObject,BreadcrumbList,WebPage,Person,Article,FAQPage,Service metaLen=151
  [84/87] https://thongtaccongquangninh.com/thong-tac-cong-van-don/ ... OK schema=LocalBusiness,HomeAndConstructionBusiness,Place,Organization,WebSite,ImageObject,BreadcrumbList,WebPage,Person,Article,Service,FAQPage metaLen=152
  [85/87] https://thongtaccongquangninh.com/xe-hut-be-phot-quang-ninh/ ... OK schema=LocalBusiness,HomeAndConstructionBusiness,Place,Organization,WebSite,ImageObject,BreadcrumbList,WebPage,Person,BlogPosting,FAQPage,Service metaLen=154
  [86/87] https://thongtaccongquangninh.com/xu-ly-mui-hoi-nha-ve-sinh/ ... OK schema=LocalBusiness,HomeAndConstructionBusiness,Place,Organization,WebSite,ImageObject,BreadcrumbList,WebPage,Person,BlogPosting,FAQPage,Service metaLen=151
  [87/87] https://thongtaccongquangninh.com/xu-ly-mui-hoi-quang-ninh/ ... OK schema=LocalBusiness,HomeAndConstructionBusiness,Place,Organization,WebSite,ImageObject,BreadcrumbList,WebPage,Person,Article,FAQPage,Service,HowTo metaLen=153
[A2] Check internal links: 112
[A3] Extend SEO checks from freshly generated site-full JSON...
[OUT] D:\.thongtaccongquangninh\reports\site-full-audit-2026-06-21.json
[OUT] D:\.thongtaccongquangninh\reports\site-full-audit-2026-06-21.md
[OUT] D:\.thongtaccongquangninh\reports\seo-full-audit-2026-06-21.json
[OUT] D:\.thongtaccongquangninh\reports\seo-full-audit-2026-06-21.md
[OUT] Appended 1 dòng vào D:\.thongtaccongquangninh\docs\SEO_PROGRESS.csv
